------------------------------------------------------------
TimeQuest Timing Analyzer Summary
------------------------------------------------------------

Type  : Slow 1200mV 85C Model Setup 'CLK'
Slack : -4.992
TNS   : -1212.540

Type  : Slow 1200mV 85C Model Setup 'FIFO_CONFIG:inst1|OUTPUT[3]'
Slack : -1.092
TNS   : -105.444

Type  : Slow 1200mV 85C Model Setup 'FIFO_CONFIG:inst1|OUTPUT[2]'
Slack : 0.025
TNS   : 0.000

Type  : Slow 1200mV 85C Model Hold 'FIFO_CONFIG:inst1|OUTPUT[2]'
Slack : -0.141
TNS   : -15.585

Type  : Slow 1200mV 85C Model Hold 'CLK'
Slack : 0.344
TNS   : 0.000

Type  : Slow 1200mV 85C Model Hold 'FIFO_CONFIG:inst1|OUTPUT[3]'
Slack : 0.642
TNS   : 0.000

Type  : Slow 1200mV 85C Model Minimum Pulse Width 'CLK'
Slack : -3.000
TNS   : -327.000

Type  : Slow 1200mV 85C Model Minimum Pulse Width 'FIFO_CONFIG:inst1|OUTPUT[2]'
Slack : 0.388
TNS   : 0.000

Type  : Slow 1200mV 85C Model Minimum Pulse Width 'FIFO_CONFIG:inst1|OUTPUT[3]'
Slack : 0.396
TNS   : 0.000

Type  : Slow 1200mV 0C Model Setup 'CLK'
Slack : -4.459
TNS   : -1066.863

Type  : Slow 1200mV 0C Model Setup 'FIFO_CONFIG:inst1|OUTPUT[3]'
Slack : -0.877
TNS   : -80.865

Type  : Slow 1200mV 0C Model Setup 'FIFO_CONFIG:inst1|OUTPUT[2]'
Slack : 0.025
TNS   : 0.000

Type  : Slow 1200mV 0C Model Hold 'FIFO_CONFIG:inst1|OUTPUT[2]'
Slack : -0.031
TNS   : -1.359

Type  : Slow 1200mV 0C Model Hold 'CLK'
Slack : 0.299
TNS   : 0.000

Type  : Slow 1200mV 0C Model Hold 'FIFO_CONFIG:inst1|OUTPUT[3]'
Slack : 0.566
TNS   : 0.000

Type  : Slow 1200mV 0C Model Minimum Pulse Width 'CLK'
Slack : -3.000
TNS   : -327.000

Type  : Slow 1200mV 0C Model Minimum Pulse Width 'FIFO_CONFIG:inst1|OUTPUT[3]'
Slack : 0.437
TNS   : 0.000

Type  : Slow 1200mV 0C Model Minimum Pulse Width 'FIFO_CONFIG:inst1|OUTPUT[2]'
Slack : 0.441
TNS   : 0.000

Type  : Fast 1200mV 0C Model Setup 'CLK'
Slack : -2.490
TNS   : -563.736

Type  : Fast 1200mV 0C Model Setup 'FIFO_CONFIG:inst1|OUTPUT[3]'
Slack : -0.236
TNS   : -8.182

Type  : Fast 1200mV 0C Model Setup 'FIFO_CONFIG:inst1|OUTPUT[2]'
Slack : 0.364
TNS   : 0.000

Type  : Fast 1200mV 0C Model Hold 'FIFO_CONFIG:inst1|OUTPUT[2]'
Slack : -0.029
TNS   : -1.853

Type  : Fast 1200mV 0C Model Hold 'CLK'
Slack : 0.179
TNS   : 0.000

Type  : Fast 1200mV 0C Model Hold 'FIFO_CONFIG:inst1|OUTPUT[3]'
Slack : 0.375
TNS   : 0.000

Type  : Fast 1200mV 0C Model Minimum Pulse Width 'CLK'
Slack : -3.000
TNS   : -345.417

Type  : Fast 1200mV 0C Model Minimum Pulse Width 'FIFO_CONFIG:inst1|OUTPUT[2]'
Slack : 0.352
TNS   : 0.000

Type  : Fast 1200mV 0C Model Minimum Pulse Width 'FIFO_CONFIG:inst1|OUTPUT[3]'
Slack : 0.377
TNS   : 0.000

------------------------------------------------------------
